../Core/Src/main.c:119:5:main	16	static
../Core/Src/main.c:202:6:SystemClock_Config	88	static
../Core/Src/main.c:260:13:MX_I2C1_Init	8	static
../Core/Src/main.c:308:13:MX_I2C2_Init	8	static
../Core/Src/main.c:356:13:MX_SPI1_Init	8	static
../Core/Src/main.c:396:13:MX_TIM2_Init	40	static
../Core/Src/main.c:441:13:MX_TIM4_Init	40	static
../Core/Src/main.c:486:13:MX_USART3_UART_Init	8	static
../Core/Src/main.c:521:13:MX_GPIO_Init	56	static
../Core/Src/main.c:583:6:HAL_TIM_PeriodElapsedCallback	80	static
../Core/Src/main.c:618:6:Error_Handler	4	static,ignoring_inline_asm
