../Middlewares/Third_Party/LwIP/src/apps/snmp/snmp_traps.c:112:1:snmp_trap_dst_enable	16	static
../Middlewares/Third_Party/LwIP/src/apps/snmp/snmp_traps.c:127:1:snmp_trap_dst_ip_set	16	static
../Middlewares/Third_Party/LwIP/src/apps/snmp/snmp_traps.c:140:1:snmp_set_auth_traps_enabled	16	static
../Middlewares/Third_Party/LwIP/src/apps/snmp/snmp_traps.c:150:1:snmp_get_auth_traps_enabled	4	static
../Middlewares/Third_Party/LwIP/src/apps/snmp/snmp_traps.c:173:1:snmp_send_trap	80	static
../Middlewares/Third_Party/LwIP/src/apps/snmp/snmp_traps.c:241:1:snmp_send_trap_generic	16	static
../Middlewares/Third_Party/LwIP/src/apps/snmp/snmp_traps.c:252:1:snmp_send_trap_specific	16	static
../Middlewares/Third_Party/LwIP/src/apps/snmp/snmp_traps.c:262:1:snmp_coldstart_trap	8	static
../Middlewares/Third_Party/LwIP/src/apps/snmp/snmp_traps.c:272:1:snmp_authfail_trap	8	static
../Middlewares/Third_Party/LwIP/src/apps/snmp/snmp_traps.c:280:1:snmp_trap_varbind_sum	40	static
../Middlewares/Third_Party/LwIP/src/apps/snmp/snmp_traps.c:314:1:snmp_trap_header_sum	24	static
../Middlewares/Third_Party/LwIP/src/apps/snmp/snmp_traps.c:370:1:snmp_trap_varbind_enc	40	static
../Middlewares/Third_Party/LwIP/src/apps/snmp/snmp_traps.c:393:1:snmp_trap_header_enc	24	static
